Lockfile is up to date, resolution step is skipped
Progress: resolved 1, reused 0, downloaded 0, added 0
Packages: +831
++++++++++++++++++++++++++++++++++++++++++++++++++++++++++++++++++++++++++++++++
Progress: resolved 831, reused 0, downloaded 9, added 0
Progress: resolved 831, reused 0, downloaded 70, added 66
Progress: resolved 831, reused 0, downloaded 101, added 89
Progress: resolved 831, reused 0, downloaded 108, added 99
Progress: resolved 831, reused 0, downloaded 118, added 111
Progress: resolved 831, reused 0, downloaded 129, added 118
Progress: resolved 831, reused 0, downloaded 130, added 118
Progress: resolved 831, reused 0, downloaded 131, added 118
Progress: resolved 831, reused 0, downloaded 154, added 143
Progress: resolved 831, reused 0, downloaded 257, added 246
Progress: resolved 831, reused 0, downloaded 362, added 347
Progress: resolved 831, reused 0, downloaded 476, added 466
Progress: resolved 831, reused 0, downloaded 529, added 529
Progress: resolved 831, reused 0, downloaded 649, added 641
Progress: resolved 831, reused 0, downloaded 750, added 740
Progress: resolved 831, reused 0, downloaded 829, added 829
Progress: resolved 831, reused 0, downloaded 831, added 831, done
.../node_modules/bufferutil install$ node-gyp-build
.../sharp@0.34.5/node_modules/sharp install$ node install/check.js || npm run build
.../esbuild@0.18.20/node_modules/esbuild postinstall$ node install.js
.../esbuild@0.25.12/node_modules/esbuild postinstall$ node install.js
.../esbuild@0.25.1/node_modules/esbuild postinstall$ node install.js
.../esbuild@0.25.12/node_modules/esbuild postinstall: Done
.../esbuild@0.18.20/node_modules/esbuild postinstall: Done
.../esbuild@0.25.1/node_modules/esbuild postinstall: Done
.../node_modules/bufferutil install: Done
.../sharp@0.34.5/node_modules/sharp install: Done

dependencies:
+ @ai-sdk/gateway 1.0.41
+ @ai-sdk/provider 2.0.0
+ @ai-sdk/react 2.0.26
+ @ai-sdk/xai 2.0.13
+ @auth/drizzle-adapter 1.11.1
+ @codemirror/lang-javascript 6.2.3
+ @codemirror/lang-python 6.1.7
+ @codemirror/state 6.5.2
+ @codemirror/theme-one-dark 6.1.2
+ @codemirror/view 6.36.4
+ @icons-pack/react-simple-icons 13.8.0
+ @opentelemetry/api 1.9.0
+ @opentelemetry/api-logs 0.200.0
+ @radix-ui/react-checkbox 1.3.3
+ @radix-ui/react-dialog 1.1.15
+ @radix-ui/react-icons 1.3.2
+ @radix-ui/react-select 2.2.6
+ @radix-ui/react-slider 1.3.6
+ @radix-ui/react-switch 1.2.6
+ @radix-ui/react-tabs 1.1.13
+ @radix-ui/react-use-controllable-state 1.2.2
+ @radix-ui/react-visually-hidden 1.1.2
+ @types/pdfkit 0.17.4
+ @vercel/analytics 1.5.0
+ @vercel/blob 0.24.1
+ @vercel/functions 2.2.13
+ @vercel/otel 1.14.0
+ ai 5.0.26
+ bcrypt-ts 5.0.3
+ class-variance-authority 0.7.1
+ classnames 2.5.1
+ clsx 2.1.1
+ codemirror 6.0.1
+ date-fns 4.1.0
+ diff-match-patch 1.0.5
+ dotenv 16.4.7
+ drizzle-orm 0.45.1
+ embla-carousel-react 8.6.0
+ epub-gen-memory 1.1.2
+ fast-deep-equal 3.1.3
+ framer-motion 11.18.2
+ geist 1.3.1
+ jszip 3.10.1
+ katex 0.16.25
+ lucide-react 0.446.0
+ mammoth 1.11.0
+ nanoid 5.1.3
+ next 16.0.7
+ next-auth 5.0.0-beta.30
+ next-themes 0.3.0
+ orderedmap 2.1.1
+ papaparse 5.5.2
+ pdf-parse 1.1.4
+ pdfkit 0.17.2
+ postgres 3.4.5
+ prosemirror-example-setup 1.2.3
+ prosemirror-inputrules 1.4.0
+ prosemirror-markdown 1.13.1
+ prosemirror-model 1.24.1
+ prosemirror-schema-basic 1.2.3
+ prosemirror-schema-list 1.5.1
+ prosemirror-state 1.4.3
+ prosemirror-view 1.38.1
+ radix-ui 1.4.3
+ react 19.0.1
+ react-data-grid 7.0.0-beta.47
+ react-dom 19.0.1
+ react-resizable-panels 2.1.7
+ react-syntax-highlighter 15.6.6
+ redis 5.9.0
+ resumable-stream 2.2.8
+ server-only 0.0.1
+ shiki 3.14.0
+ sonner 1.7.4
+ streamdown 1.4.0
+ swr 2.3.3
+ tailwind-merge 2.6.0
+ tailwindcss-animate 1.0.7
+ tokenlens 1.3.0
+ use-stick-to-bottom 1.1.1
+ usehooks-ts 3.1.1
+ zod 3.25.76

devDependencies:
+ @biomejs/biome 2.2.2
+ @playwright/test 1.51.0
+ @tailwindcss/postcss 4.1.16
+ @tailwindcss/typography 0.5.16
+ @testing-library/jest-dom 6.9.1
+ @testing-library/react 16.3.0
+ @testing-library/user-event 14.6.1
+ @types/d3-scale 4.0.9
+ @types/node 22.13.10
+ @types/papaparse 5.3.15
+ @types/pdf-parse 1.1.4
+ @types/react 18.3.18
+ @types/react-dom 18.3.5
+ @types/react-syntax-highlighter 15.5.13
+ drizzle-kit 0.31.8
+ jsdom 27.3.0
+ postcss 8.5.3
+ tailwindcss 4.1.16
+ tsx 4.19.3
+ typescript 5.8.2
+ ultracite 5.3.9
+ vitest 3.2.4

Done in 22s
