No config path provided, using default 'drizzle.config.ts'
Reading config file '/app/drizzle.config.ts'
Using 'postgres' driver for database querying
[⣷] Pulling schema from database...
[2K[1G[⣯] Pulling schema from database...
[2K[1G[⣟] Pulling schema from database...
[2K[1G[⡿] Pulling schema from database...
[2K[1G[⢿] Pulling schema from database...
[2K[1G[⣻] Pulling schema from database...
[2K[1G[⣽] Pulling schema from database...
[2K[1G[⣷] Pulling schema from database...
[2K[1G[⣯] Pulling schema from database...
[2K[1G[⣟] Pulling schema from database...
[2K[1G[⡿] Pulling schema from database...
[2K[1G[⢿] Pulling schema from database...
[2K[1G[⣻] Pulling schema from database...
[2K[1G[⣽] Pulling schema from database...
[2K[1G[⣷] Pulling schema from database...
[2K[1G[⣯] Pulling schema from database...
[2K[1G[⣟] Pulling schema from database...
[2K[1G[⡿] Pulling schema from database...
[2K[1G[⢿] Pulling schema from database...
[2K[1G[⣻] Pulling schema from database...
[2K[1G[✓] Pulling schema from database...
PostgresError: relation "User" already exists
    at ErrorResponse (file:///app/node_modules/.pnpm/postgres@3.4.5/node_modules/postgres/src/connection.js:788:26)
    at handle (file:///app/node_modules/.pnpm/postgres@3.4.5/node_modules/postgres/src/connection.js:474:6)
    at TLSSocket.data (file:///app/node_modules/.pnpm/postgres@3.4.5/node_modules/postgres/src/connection.js:315:9)
    at TLSSocket.emit (node:events:519:28)
    at addChunk (node:internal/streams/readable:561:12)
    at readableAddChunkPushByteMode (node:internal/streams/readable:512:3)
    at Readable.push (node:internal/streams/readable:392:5)
    at TLSWrap.onStreamRead (node:internal/stream_base_commons:189:23) {
  severity_local: 'ERROR',
  severity: 'ERROR',
  code: '42P07',
  file: 'heap.c',
  line: '1160',
  routine: 'heap_create_with_catalog'
}
